// Jest Snapshot v1, https://goo.gl/fbAQLP

exports[`BlogPreview matches snapshot 1`] = `
<div
  className="css-702kq"
>
  <div
    className="css-1u841xy"
  >
    <div
      className="css-1x87397"
    />
    <div
      className="css-1x87397"
    >
      <h5
        className="css-4fmxwb"
      >
        10 September 2020
      </h5>
      <h3
        className="css-d2e41n"
        data-testid="title"
      >
        Mock title
      </h3>
      <article
        className="css-vurnku"
        data-testid="summary"
      >
        Mock summary
      </article>
      <a
        href="/blogs/sample-blog-post"
        onClick={[Function]}
      >
        <button
          className="css-1iwxm44"
        >
          Read More
        </button>
      </a>
    </div>
  </div>
</div>
`;
