// Jest Snapshot v1, https://goo.gl/fbAQLP

exports[`StockistItem matches snapshot 1`] = `
<li
  className="css-1t6fcji"
>
  <div
    className="css-m65dgr"
  >
    Toko C
  </div>
  <p
    className="css-1li2d9"
  >
    
    <br />
    12
    <br />
    1123
    <br />
  </p>
  <a
    className="css-abcknd"
    href="http://"
  >
    
  </a>
</li>
`;
