// Jest Snapshot v1, https://goo.gl/fbAQLP

exports[`Signup component matches snapshot 1`] = `
<form
  className="css-1lx7oj"
  onSubmit={[Function]}
>
  <h3
    className="css-d2e41n"
  >
    NEW ACCOUNT
  </h3>
  <div
    className="css-vurnku"
  >
    <label
      className="css-knfhfe"
      htmlFor="signup-first-name"
    >
      FIRST NAME
    </label>
    <input
      className="css-4y926w"
      id="signup-first-name"
      name="signupFirstName"
      type="text"
    />
    <label
      className="css-knfhfe"
      htmlFor="signup-last-name"
    >
      LAST NAME
    </label>
    <input
      className="css-4y926w"
      id="signup-last-name"
      name="signupLastName"
      type="text"
    />
    <label
      className="css-knfhfe"
      htmlFor="signup-email"
    >
      EMAIL
    </label>
    <input
      className="css-4y926w"
      id="signup-email"
      name="signupEmail"
      type="email"
    />
    <label
      className="css-knfhfe"
      htmlFor="signup-password"
    >
      PASSWORD
    </label>
    <input
      className="css-4y926w"
      id="signup-password"
      name="signupPassword"
      type="password"
    />
    <label
      className="css-knfhfe"
      htmlFor="signup-confirm-password"
    >
      CONFIRM PASSWORD
    </label>
    <input
      className="css-4y926w"
      id="signup-confirm-password"
      name="signupConfirmPassword"
      type="password"
    />
    <input
      className="css-34q1wz"
      id="signup-newsletter"
      name="signupNewsletter"
      type="checkbox"
    />
    <label
      className="css-7tv9me"
      htmlFor="signup-newsletter"
    >
      <div
        className="css-4cffwv"
        id="newsletter-checkbox"
      >
        <svg
          dangerouslySetInnerHTML={
            Object {
              "__html": "<path d=\\"M10 15.172l9.192-9.193l1.415 1.414L10 18l-6.364-6.364l1.414-1.414z\\" fill=\\"#fff\\"/>",
            }
          }
          focusable={false}
          height="1em"
          preserveAspectRatio="xMidYMid meet"
          style={
            Object {
              "transform": "rotate(360deg)",
            }
          }
          viewBox="0 0 24 24"
          width="1em"
          xmlns="http://www.w3.org/2000/svg"
        />
      </div>
      Sign me up for the newsletter
    </label>
  </div>
  <button
    className="css-1kygmdx"
    type="submit"
  >
    CREATE ACCOUNT
  </button>
</form>
`;
