// Jest Snapshot v1, https://goo.gl/fbAQLP

exports[`Signup component matches snapshot 1`] = `
<form
  onSubmit={[Function]}
>
  <label
    htmlFor="signup-name"
  >
    Name
  </label>
  <input
    id="signup-name"
    name="signupName"
    type="text"
  />
  <label
    htmlFor="signup-email"
  >
    Email
  </label>
  <input
    id="signup-email"
    name="signupEmail"
    type="email"
  />
  <label
    htmlFor="signup-password"
  >
    Password
  </label>
  <input
    id="signup-password"
    name="signupPassword"
    type="password"
  />
  <input
    type="submit"
    value="Sign up"
  />
</form>
`;
