// Jest Snapshot v1, https://goo.gl/fbAQLP

exports[`Pagination matches snapshot 1`] = `
<nav
  className="css-zkfaav"
>
  <div
    className="css-cfyrb9"
    id="go-to-first"
    onClick={
      [MockFunction] {
        "calls": Array [
          Array [
            Class {
              "_dispatchInstances": null,
              "_dispatchListeners": null,
              "_targetInst": null,
              "altKey": null,
              "bubbles": null,
              "button": null,
              "buttons": null,
              "cancelable": null,
              "clientX": null,
              "clientY": null,
              "ctrlKey": null,
              "currentTarget": [Function],
              "defaultPrevented": null,
              "detail": null,
              "dispatchConfig": null,
              "eventPhase": null,
              "getModifierState": [Function],
              "isDefaultPrevented": [Function],
              "isPropagationStopped": [Function],
              "isTrusted": null,
              "metaKey": null,
              "movementX": [Function],
              "movementY": [Function],
              "nativeEvent": null,
              "pageX": null,
              "pageY": null,
              "relatedTarget": [Function],
              "screenX": null,
              "screenY": null,
              "shiftKey": null,
              "target": null,
              "timeStamp": [Function],
              "type": null,
              "view": null,
            },
          ],
        ],
        "results": Array [
          Object {
            "type": "return",
            "value": undefined,
          },
        ],
      }
    }
    role="button"
  >
    <svg
      dangerouslySetInnerHTML={
        Object {
          "__html": "<path d=\\"M11 17.035a.5.5 0 0 1-.788.409l-7.133-5.036a.5.5 0 0 1 0-.816l7.133-5.036a.5.5 0 0 1 .788.409v10.07zm1.079-4.627a.5.5 0 0 1 0-.816l7.133-5.036a.5.5 0 0 1 .788.409v10.07a.5.5 0 0 1-.788.409l-7.133-5.036z\\" fill=\\"currentColor\\"/>",
        }
      }
      focusable={false}
      height="1em"
      preserveAspectRatio="xMidYMid meet"
      style={
        Object {
          "transform": "rotate(360deg)",
        }
      }
      viewBox="0 0 24 24"
      width="1em"
      xmlns="http://www.w3.org/2000/svg"
    />
  </div>
  <div
    className="css-173yjp7"
    onClick={[Function]}
    role="listitem"
  >
    3
  </div>
  <div
    className="css-173yjp7"
    onClick={[Function]}
    role="listitem"
  >
    4
  </div>
  <div
    className="css-1ua679q"
    onClick={[Function]}
    role="listitem"
  >
    5
  </div>
  <div
    className="css-173yjp7"
    onClick={[Function]}
    role="listitem"
  >
    6
  </div>
  <div
    className="css-173yjp7"
    onClick={[Function]}
    role="listitem"
  >
    7
  </div>
  <div
    className="css-cfyrb9"
    id="go-to-last"
    onClick={[MockFunction]}
    role="button"
  >
    <svg
      dangerouslySetInnerHTML={
        Object {
          "__html": "<path d=\\"M4.788 17.444A.5.5 0 0 1 4 17.035V6.965a.5.5 0 0 1 .788-.409l7.133 5.036a.5.5 0 0 1 0 .816l-7.133 5.036zM13 6.965a.5.5 0 0 1 .788-.409l7.133 5.036a.5.5 0 0 1 0 .816l-7.133 5.036a.5.5 0 0 1-.788-.409V6.965z\\" fill=\\"currentColor\\"/>",
        }
      }
      focusable={false}
      height="1em"
      preserveAspectRatio="xMidYMid meet"
      style={
        Object {
          "transform": "rotate(360deg)",
        }
      }
      viewBox="0 0 24 24"
      width="1em"
      xmlns="http://www.w3.org/2000/svg"
    />
  </div>
</nav>
`;
