// Jest Snapshot v1, https://goo.gl/fbAQLP

exports[`product card component matches snapshot 1`] = `
Array [
  <div
    className="css-vurnku"
  >
    <div
      className="css-12w9nlj"
      data-testid="tile-container"
    >
      <div
        className="css-oryowi"
      >
        <img
          alt="Mock product"
        />
      </div>
    </div>
    <div
      className="css-vurnku"
    >
      Mock product
    </div>
    <div
      className="css-vurnku"
    >
      IDR 
      23000
    </div>
  </div>,
  ";",
]
`;
