// Jest Snapshot v1, https://goo.gl/fbAQLP

exports[`OrderBox matches snapshot 1`] = `
<div
  className="css-1drooja"
  data-testid="order-box"
  onClick={[Function]}
>
  <div
    className="css-ln9bhs"
  >
    asdadwda
  </div>
  <div
    className="css-vtr4jd"
  >
    <div
      className="css-1a0lovt"
    >
      Not Paid
    </div>
    <div
      className="css-1a0lovt"
    >
      Not Shipped
    </div>
  </div>
  <div
    className="css-6l89o3"
  >
    IDR
  </div>
  <div
    className="css-ab2wo"
  >
    2020-10-03 17:34
  </div>
</div>
`;
