// Jest Snapshot v1, https://goo.gl/fbAQLP

exports[`Thankyou matches snapshot 1`] = `
<div
  className="content css-vurnku"
>
  <div
    className="inner-wrapper css-denk7v"
  >
    <div
      className="bg css-neasi4"
    >
      <img
        alt="Thankyou"
        className="thx-mobile"
        src="test-file-stub"
      />
      <img
        alt="Thankyou"
        className="thx-desktop"
        src="test-file-stub"
      />
    </div>
    <div
      className="css-4xdyao"
    >
      <h2
        className="css-rqnlgw"
      >
        THANK YOU FOR YOUR PURCHASE!
CHECK YOUR EMAIL FOR YOUR ORDER CONFIRMATION
      </h2>
    </div>
  </div>
</div>
`;
