// Jest Snapshot v1, https://goo.gl/fbAQLP

exports[`Account element to log in  matches snapshot 1`] = `
<a
  css="
                text-align: left;
                display: none;
                margin-right: 16px;

                position: relative;
                top: 3px;

                @media screen and (min-width: 48em) {
                    display: flex !important;
                    align-items: center;
                    margin-bottom: 0;

                    top: 0;
                }
            "
  href="/user"
  onClick={[Function]}
>
  <svg
    className="icons black-on-dropdown-stroke hide-on-mobile"
    fill="none"
    height="1em"
    viewBox="0 0 995 1038"
    width="1em"
  >
    <path
      d="M492.6 522.8c131.941 0 238.9-106.959 238.9-238.9S624.541 45 492.6 45 253.7 151.959 253.7 283.9s106.959 238.9 238.9 238.9z"
      stroke="#000"
      strokeMiterlimit={10}
      strokeWidth={88.041}
    />
    <path
      d="M492.7 1002.5h466.8c0-234.224-215.566-468.5-466.8-468.5S36 768.276 36 1002.5h456.7z"
      stroke="#000"
      strokeMiterlimit={10}
      strokeWidth={70.572}
    />
  </svg>
</a>
`;
