// Jest Snapshot v1, https://goo.gl/fbAQLP

exports[`Login component matches snapshot 1`] = `
<form
  className="css-1lx7oj"
  onSubmit={[Function]}
>
  <h3
    className="css-d2e41n"
  >
    LOGIN
  </h3>
  <div
    className="css-vurnku"
  >
    <label
      className="css-knfhfe"
      htmlFor="login-email"
    >
      EMAIL
    </label>
    <input
      className="css-4y926w"
      id="login-email"
      name="loginEmail"
      type="email"
    />
    <label
      className="css-knfhfe"
      htmlFor="login-password"
    >
      PASSWORD
    </label>
    <input
      className="css-4y926w"
      id="login-password"
      name="loginPassword"
      type="password"
    />
  </div>
  <div
    className="css-b4n4pg"
    onClick={[Function]}
    role="button"
  >
    FORGOT PASSWORD?
  </div>
  <div
    className="css-lhwra4"
  >
    <button
      className="css-zypngu"
      type="submit"
    >
      LOGIN
    </button>
  </div>
</form>
`;
