// Jest Snapshot v1, https://goo.gl/fbAQLP

exports[`Message matches snapshot 1`] = `
<div
  className="css-vurnku"
>
  <h3
    className="css-r0fgiz"
  >
    PERSONALIZED MESSAGE (OPTIONAL)
  </h3>
  <div
    className="css-1ukulbb"
  >
    <div
      className="css-fwztci"
    >
      <label
        className="css-m85rj5"
        htmlFor="for-name"
      >
        FOR
      </label>
      <input
        className="css-4y926w"
        id="for-name"
        name="forName"
        placeholder="FOR"
        type="text"
      />
    </div>
    <div
      className="css-fwztci"
    >
      <label
        className="css-m85rj5"
        htmlFor="from-name"
      >
        FROM
      </label>
      <input
        className="css-4y926w"
        id="from-name"
        name="fromName"
        placeholder="FROM"
        type="text"
      />
    </div>
    <div
      className="css-16vu25q"
    >
      <label
        className="css-knfhfe"
        htmlFor="message"
      >
        MESSAGE (
        100
         remaining)
      </label>
      <textarea
        className="custom-scrollbar css-7ehb20"
        id="message"
        maxLength={100}
        name="message"
        onChange={[Function]}
        placeholder="INSERT YOUR MESSAGE (MAX 100 CHAR)"
      />
    </div>
  </div>
</div>
`;
