// Jest Snapshot v1, https://goo.gl/fbAQLP

exports[`Links on footer component matches snapshot 1`] = `
<nav
  className="css-16d31i"
>
  <a
    href="/contact"
    onClick={[Function]}
  >
    <div
      className="css-r8xm40"
    >
      CONTACT US
    </div>
  </a>
  <a
    href="/faq"
    onClick={[Function]}
  >
    <div
      className="css-r8xm40"
    >
      FAQ
    </div>
  </a>
  <a
    href="/size-guide"
    onClick={[Function]}
  >
    <div
      className="css-r8xm40"
    >
      SIZE GUIDE
    </div>
  </a>
</nav>
`;
