// Jest Snapshot v1, https://goo.gl/fbAQLP

exports[`Admin page matches snapshot 1`] = `
<form
  onSubmit={[Function]}
>
  <label
    htmlFor="login-email"
  >
    Email
  </label>
  <input
    id="login-email"
    name="loginEmail"
    type="email"
  />
  <label
    htmlFor="login-password"
  >
    Password
  </label>
  <input
    id="login-password"
    name="loginPassword"
    type="password"
  />
  <input
    type="submit"
    value="Login as admin"
  />
</form>
`;
